[TODOLOGISTICS/index-3.html]
[backblue.gif]
[fade.gif]
[index.html]
[TODOLOGISTICS/index.html]
[TODOLOGISTICS/img/logo.png]
[TODOLOGISTICS/img/logo-2.png]
[TODOLOGISTICS/index-2.html]
[TODOLOGISTICS/index-4.html]
[TODOLOGISTICS/services.html]
[TODOLOGISTICS/service-details-1.html]
[TODOLOGISTICS/service-details-2.html]
[TODOLOGISTICS/service-details-3.html]
[TODOLOGISTICS/service-details-4.html]
[TODOLOGISTICS/service-details-5.html]
[TODOLOGISTICS/service-details-6.html]
[TODOLOGISTICS/about.html]
[TODOLOGISTICS/track.html]
[TODOLOGISTICS/news.html]
[TODOLOGISTICS/gallery.html]
[TODOLOGISTICS/contact.html]
[TODOLOGISTICS/img/pic-1.jpg]
[TODOLOGISTICS/img/pic-2.jpg]
[TODOLOGISTICS/img/logo/1.jpg]
[TODOLOGISTICS/img/logo/2.jpg]
[TODOLOGISTICS/img/logo/3.jpg]
[TODOLOGISTICS/img/logo/4.jpg]
[TODOLOGISTICS/img/logo/5.jpg]
[TODOLOGISTICS/img/logo/6.jpg]
[TODOLOGISTICS/img/news/pic (1).jpg]
[TODOLOGISTICS/img/news/pic (2).jpg]
[TODOLOGISTICS/img/news/pic (3).jpg]
[TODOLOGISTICS/js/jquery.min.js]
[TODOLOGISTICS/js/bootstrap.min.js]
[TODOLOGISTICS/js/jquery.isotope.min.js]
[TODOLOGISTICS/js/easing.js]
[TODOLOGISTICS/js/jquery.ui.totop.js]
[TODOLOGISTICS/js/ender.js]
[TODOLOGISTICS/js/owl.carousel.js]
[TODOLOGISTICS/js/jquery.fitvids.js]
[TODOLOGISTICS/js/jquery.plugin.js]
[TODOLOGISTICS/js/wow.min.js]
[TODOLOGISTICS/js/jquery.magnific-popup.min.js]
[TODOLOGISTICS/js/jquery.stellar.js]
[TODOLOGISTICS/js/typed.js]
[TODOLOGISTICS/js/jquery.scrollto.js]
[TODOLOGISTICS/js/custom.js]
[TODOLOGISTICS/rs-plugin/js/jquery.themepunch.plugins.min.js]
[TODOLOGISTICS/rs-plugin/js/jquery.themepunch.revolution.min.js]
[TODOLOGISTICS/js/revslider-custom.js]
[TODOLOGISTICS/index-3.html]
[TODOLOGISTICS/css/main.css]
[TODOLOGISTICS/img-rev-slider/bg-1.jpg]
[TODOLOGISTICS/img-rev-slider/bg-2.jpg]
[TODOLOGISTICS/img-rev-slider/bg-5.jpg]
[TODOLOGISTICS/img/gallery/pic-1.jpg]
[TODOLOGISTICS/img/gallery/pic-2.jpg]
[TODOLOGISTICS/img/gallery/pic-3.jpg]
[TODOLOGISTICS/index.html]
[TODOLOGISTICS/img-rev-slider/bg-3.jpg]
[TODOLOGISTICS/img-rev-slider/bg-4.jpg]
[TODOLOGISTICS/img/misc/pic (1).jpg]
[TODOLOGISTICS/img/misc/pic (2).jpg]
[TODOLOGISTICS/img/misc/pic (3).jpg]
[TODOLOGISTICS/index-2.html]
[TODOLOGISTICS/js/let-it-snow.min.js]
[TODOLOGISTICS/index-4.html]
[TODOLOGISTICS/services.html]
[TODOLOGISTICS/service-details-1.html]
[TODOLOGISTICS/service-details-2.html]
[TODOLOGISTICS/service-details-3.html]
[TODOLOGISTICS/service-details-4.html]
[TODOLOGISTICS/service-details-5.html]
[TODOLOGISTICS/service-details-6.html]
[TODOLOGISTICS/img/team/pic (1).jpg]
[TODOLOGISTICS/img/team/pic (2).jpg]
[TODOLOGISTICS/img/team/pic (3).jpg]
[TODOLOGISTICS/img/team/pic (4).jpg]
[TODOLOGISTICS/about.html]
[TODOLOGISTICS/track.html]
[TODOLOGISTICS/img/news/pic (4).jpg]
[TODOLOGISTICS/img/news/pic (5).jpg]
[TODOLOGISTICS/news.html]
[TODOLOGISTICS/css/index.html]
[TODOLOGISTICS/img/gallery/pic-4.jpg]
[TODOLOGISTICS/img/gallery/pic-5.jpg]
[TODOLOGISTICS/img/gallery/pic-6.jpg]
[TODOLOGISTICS/img/gallery/pic-7.jpg]
[TODOLOGISTICS/img/gallery/pic-8.jpg]
[TODOLOGISTICS/img/gallery/pic-9.jpg]
[TODOLOGISTICS/gallery.html]
[TODOLOGISTICS/js/contact.js]
[TODOLOGISTICS/js/map.js]
[TODOLOGISTICS/contact.html]
[TODOLOGISTICS/css/bootstrap.css]
[TODOLOGISTICS/css/import-font.css]
[TODOLOGISTICS/fonts/font-awesome/fonts/fontawesome-webfont93e3.eot]
[TODOLOGISTICS/fonts/font-awesome/fonts/fontawesome-webfontd41d.eot]
[TODOLOGISTICS/fonts/font-awesome/fonts/fontawesome-webfont93e3.woff2]
[TODOLOGISTICS/fonts/font-awesome/fonts/fontawesome-webfont93e3.woff]
[TODOLOGISTICS/fonts/font-awesome/fonts/fontawesome-webfont93e3.ttf]
[TODOLOGISTICS/fonts/font-awesome/css/font-awesome.css]
[TODOLOGISTICS/fonts/et-line-font/fonts/et-line.eot]
[TODOLOGISTICS/fonts/et-line-font/fonts/et-line.woff]
[TODOLOGISTICS/fonts/et-line-font/fonts/et-line.ttf]
[TODOLOGISTICS/fonts/et-line-font/fonts/et-lined41d.eot]
[TODOLOGISTICS/fonts/et-line-font/style.css]
[TODOLOGISTICS/rs-plugin/images/gradient/g30.png]
[TODOLOGISTICS/rs-plugin/images/gradient/g40.png]
[TODOLOGISTICS/rs-plugin/assets/shadow1.png]
[TODOLOGISTICS/rs-plugin/assets/shadow2.png]
[TODOLOGISTICS/rs-plugin/assets/shadow3.png]
[TODOLOGISTICS/rs-plugin/assets/gridtile.png]
[TODOLOGISTICS/rs-plugin/assets/gridtile_white.png]
[TODOLOGISTICS/rs-plugin/assets/gridtile_3x3.png]
[TODOLOGISTICS/rs-plugin/assets/gridtile_3x3_white.png]
[TODOLOGISTICS/rs-plugin/assets/boxed_bgtile.png]
[TODOLOGISTICS/rs-plugin/assets/navigdots_bgtile.png]
[TODOLOGISTICS/rs-plugin/assets/bullet.png]
[TODOLOGISTICS/rs-plugin/assets/bullets.png]
[TODOLOGISTICS/rs-plugin/assets/bullets2.png]
[TODOLOGISTICS/rs-plugin/assets/bullet_boxed.png]
[TODOLOGISTICS/rs-plugin/assets/navigdots.png]
[TODOLOGISTICS/rs-plugin/assets/large_left.png]
[TODOLOGISTICS/rs-plugin/assets/large_right.png]
[TODOLOGISTICS/rs-plugin/assets/small_left.png]
[TODOLOGISTICS/rs-plugin/assets/small_right.png]
[TODOLOGISTICS/rs-plugin/assets/arrow_left.png]
[TODOLOGISTICS/rs-plugin/assets/arrow_right.png]
[TODOLOGISTICS/rs-plugin/assets/small_left_boxed.png]
[TODOLOGISTICS/rs-plugin/assets/small_right_boxed.png]
[TODOLOGISTICS/rs-plugin/assets/arrowleft.png]
[TODOLOGISTICS/rs-plugin/assets/arrowright.png]
[TODOLOGISTICS/rs-plugin/assets/arrow_left2.png]
[TODOLOGISTICS/rs-plugin/assets/arrow_right2.png]
[TODOLOGISTICS/rs-plugin/assets/timer.png]
[TODOLOGISTICS/rs-plugin/assets/coloredbg.png]
[TODOLOGISTICS/rs-plugin/assets/loader.gif]
[TODOLOGISTICS/rs-plugin/font/revicons90c6.eot]
[TODOLOGISTICS/rs-plugin/font/revicons90c6.woff]
[TODOLOGISTICS/rs-plugin/font/revicons90c6.ttf]
[TODOLOGISTICS/rs-plugin/css/settings.css]
[TODOLOGISTICS/css/owl.carousel.css]
[TODOLOGISTICS/css/owl.theme.css]
[TODOLOGISTICS/css/animate.css]
[TODOLOGISTICS/css/magnific-popup.css]
[TODOLOGISTICS/css/let-it-snow.css]
[TODOLOGISTICS/img/bg/bg-subheader.jpg]
[TODOLOGISTICS/img/bg/bg-subheader-1.jpg]
[TODOLOGISTICS/img/bg/bg-subheader-2.jpg]
[TODOLOGISTICS/img/bg/bg-subheader-3.jpg]
[TODOLOGISTICS/img/bg/bg-subheader-4.jpg]
[TODOLOGISTICS/img/bg/bg-subheader-5.jpg]
[TODOLOGISTICS/img/bg/bg_service_1.jpg]
[TODOLOGISTICS/img/bg/bg_service_2.jpg]
[TODOLOGISTICS/img/bg/bg_service_3.jpg]
[TODOLOGISTICS/img/bg/bg_square_1.jpg]
[TODOLOGISTICS/img/bg/bg_square_2.jpg]
[TODOLOGISTICS/img/bg/bg_square_3.jpg]
[TODOLOGISTICS/img/bg/bg_1.jpg]
[TODOLOGISTICS/img/bg/bg_service_details_1.jpg]
[TODOLOGISTICS/img/bg/bg_service_details_2.jpg]
[TODOLOGISTICS/img/bg/bg_service_details_3.jpg]
[TODOLOGISTICS/img/bg/bg_2.jpg]
[TODOLOGISTICS/img/bg/bg_3.jpg]
[TODOLOGISTICS/img/ui.totop.png]
[TODOLOGISTICS/img/loader.gif]
[TODOLOGISTICS/css/style.css]
[TODOLOGISTICS/css/rev-settings.css]
[TODOLOGISTICS/css/index.html]
[TODOLOGISTICS/css/indexc052.html]
[TODOLOGISTICS/fonts/glyphicons-halflings-regular.html]
[TODOLOGISTICS/css/indexf8a0.html]
[TODOLOGISTICS/fonts/glyphicons-halflings-regulard41d.html]
[TODOLOGISTICS/css/indexbfec.html]
[TODOLOGISTICS/fonts/glyphicons-halflings-regular-2.html]
[TODOLOGISTICS/css/index30b5.html]
[TODOLOGISTICS/fonts/glyphicons-halflings-regular-3.html]
[TODOLOGISTICS/fonts/glyphicons-halflings-regular-4.html]
[TODOLOGISTICS/index-5.html]
[TODOLOGISTICS/fonts/font-awesome/fonts/fontawesome-webfont93e3.svg]
[TODOLOGISTICS/fonts/et-line-font/fonts/et-line.svg]
[TODOLOGISTICS/rs-plugin/font/revicons90c6.svg]
[TODOLOGISTICS/css/grabbing.html]
[TODOLOGISTICS/css/AjaxLoader.html]
[TODOLOGISTICS/img/dotwhite50.html]
[TODOLOGISTICS/img/arrow-2.html]
[TODOLOGISTICS/img/icon-user.html]
[TODOLOGISTICS/img/icon-folder.html]
[TODOLOGISTICS/img/bg_full_2.html]
[TODOLOGISTICS/img/divider-1.html]
[TODOLOGISTICS/img/list-arrow.html]
[TODOLOGISTICS/img/about/company/truck.html]
[TODOLOGISTICS/img/bg_full_1.html]
[TODOLOGISTICS/img/misc/pic-6.html]
[TODOLOGISTICS/img/bg_full_3.html]
[TODOLOGISTICS/img/bg_service_4.html]
[TODOLOGISTICS/img/bg_service_5.html]
[TODOLOGISTICS/img/bg_service_6.html]
[TODOLOGISTICS/img/bg/bg-2.html]
[TODOLOGISTICS/img/bg-big-1.html]
[TODOLOGISTICS/css/indexc052.html]
[TODOLOGISTICS/css/indexf8a0.html]
[TODOLOGISTICS/css/indexbfec.html]
[TODOLOGISTICS/css/index30b5.html]
[TODOLOGISTICS/css/indexb70a.html]
[TODOLOGISTICS/css/index72c9.html]
[TODOLOGISTICS/css/index5851.html]
[TODOLOGISTICS/css/indexad3f.html]
[TODOLOGISTICS/index-5.html]
[TODOLOGISTICS/css/responsiveslides.css]
[TODOLOGISTICS/css/indexb70a.html]
[TODOLOGISTICS/css/index72c9.html]
[TODOLOGISTICS/css/index5851.html]
[TODOLOGISTICS/css/indexad3f.html]
[TODOLOGISTICS/img/themes.html]
